// Jest Snapshot v1, https://goo.gl/fbAQLP

exports[`App should match snapshot 1`] = `
<div>
  <div
    class="header-light"
    data-testid="header"
  >
    <div
      class="company"
    >
      <a
        href="/"
      >
        <img
          alt="logo"
          class="trolley-img"
          data-testid="trolley-img"
          src="assets/trolley.jpg"
        />
      </a>
       
      <p>
        E-Shopper
      </p>
    </div>
    <div
      class="basket"
      data-testid="All-Orders"
    >
      <a
        class="all-orders"
        href="/orders"
      >
        All Orders
      </a>
      <a
        href="/cart"
      >
        <div
          class="cart"
          data-testid="My-Basket"
        >
          <img
            alt="basket"
            class="basket-img"
            src="assets/basket.jpeg"
          />
          <div
            class="order-count"
          >
            <p>
              My Basket
            </p>
            <p>
              0 items
            </p>
          </div>
        </div>
      </a>
    </div>
  </div>
  <hr />
  <div
    class="toggle-button"
  >
    <button
      type="button"
    >
      Change Theme
    </button>
  </div>
  <div>
    <div
      class="products"
      data-testid="home"
    >
      <div>
        <div
          class="category-name"
        >
          Fruits & Vegatables
        </div>
        <div
          class="category-products"
        >
          <div
            class="categories"
            data-testid="product"
          >
            <div
              class="productCard"
            >
              <img
                alt="product"
                data-testid="product-img"
                id="productImg"
                src="assets/banana.png"
              />
              <div
                class="priceQuantityContainer"
              >
                <h4>
                  apple
                </h4>
                <p>
                  Stock: 20
                </p>
                <div
                  class="priceQuantity"
                >
                  <p
                    class="productPrice"
                  >
                    MRP 120/-
                  </p>
                  <div
                    class="counter"
                    data-testid="counter"
                  >
                    <button
                      type="button"
                    >
                      -
                    </button>
                    <p
                      class="containerQuantity0"
                    >
                      0 in basket
                    </p>
                    <button
                      type="button"
                    >
                      +
                    </button>
                  </div>
                </div>
              </div>
            </div>
          </div>
        </div>
      </div>
    </div>
  </div>
</div>
`;
